[Registry] ERROR: failed 
[RunAgent] Failed to 
